<!DOCTYPE html PUBLIC "-//W3C//DTD HTML 4.0 Transitional//EN" "http://www.w3.org/TR/REC-html40/loose.dtd">
<html><body><pre class="shiki" style="background-color: #fff"><code><span class="line"><span style="color: #D73A49">&lt;?</span><span style="color: #005CC5">php</span><span style="color: #24292E"> </span><span style="color: #005CC5">echo</span><span style="color: #24292E"> </span><span style="color: #032F62">"Hello World"</span><span style="color: #24292E">; </span><span style="color: #D73A49">?&gt;</span></span></code></pre></body></html>
