<!DOCTYPE html PUBLIC "-//W3C//DTD HTML 4.0 Transitional//EN" "http://www.w3.org/TR/REC-html40/loose.dtd">
<html><body><pre class="shiki" style="background-color: #2e3440ff"><code><span class="line"><span style="color: #D8DEE9">console</span><span style="color: #ECEFF4">.</span><span style="color: #88C0D0">log</span><span style="color: #D8DEE9FF">(</span><span style="color: #ECEFF4">"</span><span style="color: #A3BE8C">Hello world</span><span style="color: #ECEFF4">"</span><span style="color: #D8DEE9FF">)</span></span></code></pre></body></html>
