theme:
    fg: '#d8dee9ff'
    bg: '#2e3440ff'
tokens:
    - [{ content: '@if', color: '#81A1C1', fontStyle: 0, explanation: [{ content: '@if', scopes: [{ scopeName: text.html.php.blade, themeMatches: {  } }, { scopeName: meta.directive.blade, themeMatches: {  } }, { scopeName: keyword.blade, themeMatches: [{ name: Keyword, scope: keyword, settings: { foreground: '#81A1C1' } }] }] }] }, { content: (, color: '#D8DEE9FF', fontStyle: 0, explanation: [{ content: (, scopes: [{ scopeName: text.html.php.blade, themeMatches: {  } }, { scopeName: meta.directive.blade, themeMatches: {  } }, { scopeName: begin.bracket.round.blade.php, themeMatches: {  } }] }] }, { content: 'true', color: '#81A1C1', fontStyle: 0, explanation: [{ content: 'true', scopes: [{ scopeName: text.html.php.blade, themeMatches: {  } }, { scopeName: meta.directive.blade, themeMatches: {  } }, { scopeName: source.php, themeMatches: {  } }, { scopeName: constant.language.php, themeMatches: [{ name: 'Constant Language', scope: constant.language, settings: { foreground: '#81A1C1' } }] }] }] }, { content: ') ', color: '#D8DEE9FF', fontStyle: 0, explanation: [{ content: ), scopes: [{ scopeName: text.html.php.blade, themeMatches: {  } }, { scopeName: meta.directive.blade, themeMatches: {  } }, { scopeName: end.bracket.round.blade.php, themeMatches: {  } }] }, { content: ' ', scopes: [{ scopeName: text.html.php.blade, themeMatches: {  } }] }] }, { content: '{{', color: '#81A1C1', fontStyle: 0, explanation: [{ content: '{{', scopes: [{ scopeName: text.html.php.blade, themeMatches: {  } }, { scopeName: meta.function.echo.blade, themeMatches: {  } }, { scopeName: support.function.construct.begin.blade, themeMatches: [{ name: 'Support Function', scope: support.function, settings: { foreground: '#88C0D0' } }, { name: 'Support Function Construct', scope: support.function.construct, settings: { foreground: '#81A1C1' } }] }] }] }, { content: ' ', color: '#D8DEE9FF', fontStyle: 0, explanation: [{ content: ' ', scopes: [{ scopeName: text.html.php.blade, themeMatches: {  } }, { scopeName: meta.function.echo.blade, themeMatches: {  } }, { scopeName: source.php, themeMatches: {  } }] }] }, { content: '"', color: '#ECEFF4', fontStyle: 0, explanation: [{ content: '"', scopes: [{ scopeName: text.html.php.blade, themeMatches: {  } }, { scopeName: meta.function.echo.blade, themeMatches: {  } }, { scopeName: source.php, themeMatches: {  } }, { scopeName: string.quoted.double.php, themeMatches: [{ name: String, scope: string, settings: { foreground: '#A3BE8C' } }] }, { scopeName: punctuation.definition.string.begin.php, themeMatches: [{ name: Punctuation, scope: punctuation, settings: { foreground: '#ECEFF4' } }] }] }] }, { content: 'Hello world', color: '#A3BE8C', fontStyle: 0, explanation: [{ content: 'Hello world', scopes: [{ scopeName: text.html.php.blade, themeMatches: {  } }, { scopeName: meta.function.echo.blade, themeMatches: {  } }, { scopeName: source.php, themeMatches: {  } }, { scopeName: string.quoted.double.php, themeMatches: [{ name: String, scope: string, settings: { foreground: '#A3BE8C' } }] }] }] }, { content: '"', color: '#ECEFF4', fontStyle: 0, explanation: [{ content: '"', scopes: [{ scopeName: text.html.php.blade, themeMatches: {  } }, { scopeName: meta.function.echo.blade, themeMatches: {  } }, { scopeName: source.php, themeMatches: {  } }, { scopeName: string.quoted.double.php, themeMatches: [{ name: String, scope: string, settings: { foreground: '#A3BE8C' } }] }, { scopeName: punctuation.definition.string.end.php, themeMatches: [{ name: Punctuation, scope: punctuation, settings: { foreground: '#ECEFF4' } }] }] }] }, { content: ' ', color: '#D8DEE9FF', fontStyle: 0, explanation: [{ content: ' ', scopes: [{ scopeName: text.html.php.blade, themeMatches: {  } }, { scopeName: meta.function.echo.blade, themeMatches: {  } }, { scopeName: source.php, themeMatches: {  } }] }] }, { content: '}}', color: '#81A1C1', fontStyle: 0, explanation: [{ content: '}}', scopes: [{ scopeName: text.html.php.blade, themeMatches: {  } }, { scopeName: meta.function.echo.blade, themeMatches: {  } }, { scopeName: support.function.construct.end.blade, themeMatches: [{ name: 'Support Function', scope: support.function, settings: { foreground: '#88C0D0' } }, { name: 'Support Function Construct', scope: support.function.construct, settings: { foreground: '#81A1C1' } }] }] }] }, { content: ' ', color: '#D8DEE9FF', fontStyle: 0, explanation: [{ content: ' ', scopes: [{ scopeName: text.html.php.blade, themeMatches: {  } }] }] }, { content: '@endif', color: '#81A1C1', fontStyle: 0, explanation: [{ content: '@endif', scopes: [{ scopeName: text.html.php.blade, themeMatches: {  } }, { scopeName: keyword.blade, themeMatches: [{ name: Keyword, scope: keyword, settings: { foreground: '#81A1C1' } }] }] }] }]
