<!DOCTYPE html PUBLIC "-//W3C//DTD HTML 4.0 Transitional//EN" "http://www.w3.org/TR/REC-html40/loose.dtd">
<html><body><pre class="shiki" style="background-color: #2e3440ff"><code><span class="line"><span style="color: #81A1C1">&lt;?</span><span style="color: #D8DEE9FF">php </span><span style="color: #81A1C1">echo</span><span style="color: #D8DEE9FF"> </span><span style="color: #ECEFF4">"</span><span style="color: #A3BE8C">Hello World</span><span style="color: #ECEFF4">"</span><span style="color: #81A1C1">;</span><span style="color: #D8DEE9FF"> </span><span style="color: #81A1C1">?&gt;</span></span></code></pre></body></html>
