theme:
    fg: '#24292e'
    bg: '#fff'
tokens:
    - [{ content: '@if', color: '#D73A49', fontStyle: 0, explanation: [{ content: '@if', scopes: [{ scopeName: text.html.php.blade, themeMatches: {  } }, { scopeName: meta.directive.blade, themeMatches: {  } }, { scopeName: keyword.blade, themeMatches: [{ scope: keyword, settings: { foreground: '#d73a49' } }] }] }] }, { content: ($foo), color: '#24292E', fontStyle: 0, explanation: [{ content: (, scopes: [{ scopeName: text.html.php.blade, themeMatches: {  } }, { scopeName: meta.directive.blade, themeMatches: {  } }, { scopeName: begin.bracket.round.blade.php, themeMatches: {  } }] }, { content: $, scopes: [{ scopeName: text.html.php.blade, themeMatches: {  } }, { scopeName: meta.directive.blade, themeMatches: {  } }, { scopeName: source.php, themeMatches: {  } }, { scopeName: variable.other.php, themeMatches: [{ scope: variable, settings: { foreground: '#e36209' } }, { scope: variable.other, settings: { foreground: '#24292e' } }] }, { scopeName: punctuation.definition.variable.php, themeMatches: {  } }] }, { content: foo, scopes: [{ scopeName: text.html.php.blade, themeMatches: {  } }, { scopeName: meta.directive.blade, themeMatches: {  } }, { scopeName: source.php, themeMatches: {  } }, { scopeName: variable.other.php, themeMatches: [{ scope: variable, settings: { foreground: '#e36209' } }, { scope: variable.other, settings: { foreground: '#24292e' } }] }] }, { content: ), scopes: [{ scopeName: text.html.php.blade, themeMatches: {  } }, { scopeName: meta.directive.blade, themeMatches: {  } }, { scopeName: end.bracket.round.blade.php, themeMatches: {  } }] }] }]
    - [{ content: '    <', color: '#24292E', fontStyle: 0, explanation: [{ content: '    ', scopes: [{ scopeName: text.html.php.blade, themeMatches: {  } }] }, { content: '<', scopes: [{ scopeName: text.html.php.blade, themeMatches: {  } }, { scopeName: meta.tag.structure.p.start.html, themeMatches: {  } }, { scopeName: punctuation.definition.tag.begin.html, themeMatches: {  } }] }] }, { content: p, color: '#22863A', fontStyle: 0, explanation: [{ content: p, scopes: [{ scopeName: text.html.php.blade, themeMatches: {  } }, { scopeName: meta.tag.structure.p.start.html, themeMatches: {  } }, { scopeName: entity.name.tag.html, themeMatches: [{ scope: [entity, entity.name], settings: { foreground: '#6f42c1' } }, { scope: entity.name.tag, settings: { foreground: '#22863a' } }] }] }] }, { content: '>', color: '#24292E', fontStyle: 0, explanation: [{ content: '>', scopes: [{ scopeName: text.html.php.blade, themeMatches: {  } }, { scopeName: meta.tag.structure.p.start.html, themeMatches: {  } }, { scopeName: punctuation.definition.tag.end.html, themeMatches: {  } }] }] }, { content: '{{', color: '#005CC5', fontStyle: 0, explanation: [{ content: '{{', scopes: [{ scopeName: text.html.php.blade, themeMatches: {  } }, { scopeName: meta.function.echo.blade, themeMatches: {  } }, { scopeName: support.function.construct.begin.blade, themeMatches: [{ scope: support, settings: { foreground: '#005cc5' } }] }] }] }, { content: ' ', color: '#24292E', fontStyle: 0, explanation: [{ content: ' ', scopes: [{ scopeName: text.html.php.blade, themeMatches: {  } }, { scopeName: meta.function.echo.blade, themeMatches: {  } }, { scopeName: source.php, themeMatches: {  } }] }] }, { content: '"Hello world"', color: '#032F62', fontStyle: 0, explanation: [{ content: '"', scopes: [{ scopeName: text.html.php.blade, themeMatches: {  } }, { scopeName: meta.function.echo.blade, themeMatches: {  } }, { scopeName: source.php, themeMatches: {  } }, { scopeName: string.quoted.double.php, themeMatches: [{ scope: [string, punctuation.definition.string, 'string punctuation.section.embedded source'], settings: { foreground: '#032f62' } }] }, { scopeName: punctuation.definition.string.begin.php, themeMatches: [{ scope: [string, punctuation.definition.string, 'string punctuation.section.embedded source'], settings: { foreground: '#032f62' } }] }] }, { content: 'Hello world', scopes: [{ scopeName: text.html.php.blade, themeMatches: {  } }, { scopeName: meta.function.echo.blade, themeMatches: {  } }, { scopeName: source.php, themeMatches: {  } }, { scopeName: string.quoted.double.php, themeMatches: [{ scope: [string, punctuation.definition.string, 'string punctuation.section.embedded source'], settings: { foreground: '#032f62' } }] }] }, { content: '"', scopes: [{ scopeName: text.html.php.blade, themeMatches: {  } }, { scopeName: meta.function.echo.blade, themeMatches: {  } }, { scopeName: source.php, themeMatches: {  } }, { scopeName: string.quoted.double.php, themeMatches: [{ scope: [string, punctuation.definition.string, 'string punctuation.section.embedded source'], settings: { foreground: '#032f62' } }] }, { scopeName: punctuation.definition.string.end.php, themeMatches: [{ scope: [string, punctuation.definition.string, 'string punctuation.section.embedded source'], settings: { foreground: '#032f62' } }] }] }] }, { content: ' ', color: '#24292E', fontStyle: 0, explanation: [{ content: ' ', scopes: [{ scopeName: text.html.php.blade, themeMatches: {  } }, { scopeName: meta.function.echo.blade, themeMatches: {  } }, { scopeName: source.php, themeMatches: {  } }] }] }, { content: '}}', color: '#005CC5', fontStyle: 0, explanation: [{ content: '}}', scopes: [{ scopeName: text.html.php.blade, themeMatches: {  } }, { scopeName: meta.function.echo.blade, themeMatches: {  } }, { scopeName: support.function.construct.end.blade, themeMatches: [{ scope: support, settings: { foreground: '#005cc5' } }] }] }] }, { content: '</', color: '#24292E', fontStyle: 0, explanation: [{ content: '</', scopes: [{ scopeName: text.html.php.blade, themeMatches: {  } }, { scopeName: meta.tag.structure.p.end.html, themeMatches: {  } }, { scopeName: punctuation.definition.tag.begin.html, themeMatches: {  } }] }] }, { content: p, color: '#22863A', fontStyle: 0, explanation: [{ content: p, scopes: [{ scopeName: text.html.php.blade, themeMatches: {  } }, { scopeName: meta.tag.structure.p.end.html, themeMatches: {  } }, { scopeName: entity.name.tag.html, themeMatches: [{ scope: [entity, entity.name], settings: { foreground: '#6f42c1' } }, { scope: entity.name.tag, settings: { foreground: '#22863a' } }] }] }] }, { content: '>', color: '#24292E', fontStyle: 0, explanation: [{ content: '>', scopes: [{ scopeName: text.html.php.blade, themeMatches: {  } }, { scopeName: meta.tag.structure.p.end.html, themeMatches: {  } }, { scopeName: punctuation.definition.tag.end.html, themeMatches: {  } }] }] }]
    - [{ content: '@endif', color: '#D73A49', fontStyle: 0, explanation: [{ content: '@endif', scopes: [{ scopeName: text.html.php.blade, themeMatches: {  } }, { scopeName: keyword.blade, themeMatches: [{ scope: keyword, settings: { foreground: '#d73a49' } }] }] }] }]
