theme:
    fg: '#d8dee9ff'
    bg: '#2e3440ff'
tokens:
    - [{ content: '<?', color: '#81A1C1', fontStyle: 0, explanation: [{ content: '<', scopes: [{ scopeName: source.php, themeMatches: {  } }, { scopeName: keyword.operator.comparison.php, themeMatches: [{ name: Keyword, scope: keyword, settings: { foreground: '#81A1C1' } }, { name: 'Keyword Operator', scope: keyword.operator, settings: { foreground: '#81A1C1' } }] }] }, { content: '?', scopes: [{ scopeName: source.php, themeMatches: {  } }, { scopeName: keyword.operator.ternary.php, themeMatches: [{ name: Keyword, scope: keyword, settings: { foreground: '#81A1C1' } }, { name: 'Keyword Operator', scope: keyword.operator, settings: { foreground: '#81A1C1' } }] }] }] }, { content: 'php ', color: '#D8DEE9FF', fontStyle: 0, explanation: [{ content: php, scopes: [{ scopeName: source.php, themeMatches: {  } }, { scopeName: constant.other.php, themeMatches: {  } }] }, { content: ' ', scopes: [{ scopeName: source.php, themeMatches: {  } }] }] }, { content: echo, color: '#81A1C1', fontStyle: 0, explanation: [{ content: echo, scopes: [{ scopeName: source.php, themeMatches: {  } }, { scopeName: support.function.construct.output.php, themeMatches: [{ name: 'Support Function', scope: support.function, settings: { foreground: '#88C0D0' } }, { name: 'Support Function Construct', scope: support.function.construct, settings: { foreground: '#81A1C1' } }] }] }] }, { content: ' ', color: '#D8DEE9FF', fontStyle: 0, explanation: [{ content: ' ', scopes: [{ scopeName: source.php, themeMatches: {  } }] }] }, { content: '"', color: '#ECEFF4', fontStyle: 0, explanation: [{ content: '"', scopes: [{ scopeName: source.php, themeMatches: {  } }, { scopeName: string.quoted.double.php, themeMatches: [{ name: String, scope: string, settings: { foreground: '#A3BE8C' } }] }, { scopeName: punctuation.definition.string.begin.php, themeMatches: [{ name: Punctuation, scope: punctuation, settings: { foreground: '#ECEFF4' } }] }] }] }, { content: 'Hello World', color: '#A3BE8C', fontStyle: 0, explanation: [{ content: 'Hello World', scopes: [{ scopeName: source.php, themeMatches: {  } }, { scopeName: string.quoted.double.php, themeMatches: [{ name: String, scope: string, settings: { foreground: '#A3BE8C' } }] }] }] }, { content: '"', color: '#ECEFF4', fontStyle: 0, explanation: [{ content: '"', scopes: [{ scopeName: source.php, themeMatches: {  } }, { scopeName: string.quoted.double.php, themeMatches: [{ name: String, scope: string, settings: { foreground: '#A3BE8C' } }] }, { scopeName: punctuation.definition.string.end.php, themeMatches: [{ name: Punctuation, scope: punctuation, settings: { foreground: '#ECEFF4' } }] }] }] }, { content: ;, color: '#81A1C1', fontStyle: 0, explanation: [{ content: ;, scopes: [{ scopeName: source.php, themeMatches: {  } }, { scopeName: punctuation.terminator.expression.php, themeMatches: [{ name: Punctuation, scope: punctuation, settings: { foreground: '#ECEFF4' } }, { name: 'Punctuation Terminator', scope: punctuation.terminator, settings: { foreground: '#81A1C1' } }] }] }] }, { content: ' ', color: '#D8DEE9FF', fontStyle: 0, explanation: [{ content: ' ', scopes: [{ scopeName: source.php, themeMatches: {  } }] }] }, { content: '?>', color: '#81A1C1', fontStyle: 0, explanation: [{ content: '?', scopes: [{ scopeName: source.php, themeMatches: {  } }, { scopeName: keyword.operator.ternary.php, themeMatches: [{ name: Keyword, scope: keyword, settings: { foreground: '#81A1C1' } }, { name: 'Keyword Operator', scope: keyword.operator, settings: { foreground: '#81A1C1' } }] }] }, { content: '>', scopes: [{ scopeName: source.php, themeMatches: {  } }, { scopeName: keyword.operator.comparison.php, themeMatches: [{ name: Keyword, scope: keyword, settings: { foreground: '#81A1C1' } }, { name: 'Keyword Operator', scope: keyword.operator, settings: { foreground: '#81A1C1' } }] }] }] }]
